[0.100s] DEBUG:colcon:Command line arguments: ['/usr/bin/colcon', 'build', '--symlink-install']
[0.100s] DEBUG:colcon:Parsed command line arguments: Namespace(log_base=None, log_level=None, verb_name='build', build_base='build', install_base='install', merge_install=False, symlink_install=True, test_result_base=None, continue_on_error=False, executor='parallel', parallel_workers=6, event_handlers=None, ignore_user_meta=False, metas=['./colcon.meta'], base_paths=['.'], packages_ignore=None, packages_ignore_regex=None, paths=None, packages_up_to=None, packages_up_to_regex=None, packages_above=None, packages_above_and_dependencies=None, packages_above_depth=None, packages_select_by_dep=None, packages_skip_by_dep=None, packages_skip_up_to=None, packages_select_build_failed=False, packages_skip_build_finished=False, packages_select_test_failures=False, packages_skip_test_passed=False, packages_select=None, packages_skip=None, packages_select_regex=None, packages_skip_regex=None, packages_start=None, packages_end=None, allow_overriding=[], cmake_args=None, cmake_target=None, cmake_target_skip_unavailable=False, cmake_clean_cache=False, cmake_clean_first=False, cmake_force_configure=False, ament_cmake_args=None, catkin_cmake_args=None, catkin_skip_building_tests=False, mixin_files=None, mixin=None, verb_parser=<colcon_mixin.mixin.mixin_argument.MixinArgumentDecorator object at 0x7849fa10a740>, verb_extension=<colcon_core.verb.build.BuildVerb object at 0x7849fa109d20>, main=<bound method BuildVerb.main of <colcon_core.verb.build.BuildVerb object at 0x7849fa109d20>>, mixin_verb=('build',))
[0.262s] Level 1:colcon.colcon_core.package_discovery:discover_packages(colcon_meta) check parameters
[0.262s] Level 1:colcon.colcon_core.package_discovery:discover_packages(recursive) check parameters
[0.262s] Level 1:colcon.colcon_core.package_discovery:discover_packages(ignore) check parameters
[0.262s] Level 1:colcon.colcon_core.package_discovery:discover_packages(path) check parameters
[0.262s] Level 1:colcon.colcon_core.package_discovery:discover_packages(colcon_meta) discover
[0.262s] Level 1:colcon.colcon_core.package_discovery:discover_packages(recursive) discover
[0.262s] INFO:colcon.colcon_core.package_discovery:Crawling recursively for packages in '/home/yehosua/Zayolin-kuekuechti/ros2_ws'
[0.262s] Level 1:colcon.colcon_core.package_identification:_identify(.) by extensions ['ignore', 'ignore_ament_install']
[0.262s] Level 1:colcon.colcon_core.package_identification:_identify(.) by extension 'ignore'
[0.262s] Level 1:colcon.colcon_core.package_identification:_identify(.) by extension 'ignore_ament_install'
[0.262s] Level 1:colcon.colcon_core.package_identification:_identify(.) by extensions ['colcon_pkg']
[0.262s] Level 1:colcon.colcon_core.package_identification:_identify(.) by extension 'colcon_pkg'
[0.263s] Level 1:colcon.colcon_core.package_identification:_identify(.) by extensions ['colcon_meta']
[0.263s] Level 1:colcon.colcon_core.package_identification:_identify(.) by extension 'colcon_meta'
[0.263s] Level 1:colcon.colcon_core.package_identification:_identify(.) by extensions ['ros']
[0.263s] Level 1:colcon.colcon_core.package_identification:_identify(.) by extension 'ros'
[0.295s] Level 1:colcon.colcon_core.package_identification:_identify(.) by extensions ['cmake', 'python']
[0.295s] Level 1:colcon.colcon_core.package_identification:_identify(.) by extension 'cmake'
[0.295s] Level 1:colcon.colcon_core.package_identification:_identify(.) by extension 'python'
[0.295s] Level 1:colcon.colcon_core.package_identification:_identify(.) by extensions ['python_setup_py']
[0.295s] Level 1:colcon.colcon_core.package_identification:_identify(.) by extension 'python_setup_py'
[0.295s] Level 1:colcon.colcon_core.package_identification:_identify(build) by extensions ['ignore', 'ignore_ament_install']
[0.295s] Level 1:colcon.colcon_core.package_identification:_identify(build) by extension 'ignore'
[0.295s] Level 1:colcon.colcon_core.package_identification:_identify(build) ignored
[0.295s] Level 1:colcon.colcon_core.package_identification:_identify(cache) by extensions ['ignore', 'ignore_ament_install']
[0.296s] Level 1:colcon.colcon_core.package_identification:_identify(cache) by extension 'ignore'
[0.296s] Level 1:colcon.colcon_core.package_identification:_identify(cache) by extension 'ignore_ament_install'
[0.296s] Level 1:colcon.colcon_core.package_identification:_identify(cache) by extensions ['colcon_pkg']
[0.296s] Level 1:colcon.colcon_core.package_identification:_identify(cache) by extension 'colcon_pkg'
[0.296s] Level 1:colcon.colcon_core.package_identification:_identify(cache) by extensions ['colcon_meta']
[0.296s] Level 1:colcon.colcon_core.package_identification:_identify(cache) by extension 'colcon_meta'
[0.296s] Level 1:colcon.colcon_core.package_identification:_identify(cache) by extensions ['ros']
[0.296s] Level 1:colcon.colcon_core.package_identification:_identify(cache) by extension 'ros'
[0.296s] Level 1:colcon.colcon_core.package_identification:_identify(cache) by extensions ['cmake', 'python']
[0.296s] Level 1:colcon.colcon_core.package_identification:_identify(cache) by extension 'cmake'
[0.296s] Level 1:colcon.colcon_core.package_identification:_identify(cache) by extension 'python'
[0.296s] Level 1:colcon.colcon_core.package_identification:_identify(cache) by extensions ['python_setup_py']
[0.296s] Level 1:colcon.colcon_core.package_identification:_identify(cache) by extension 'python_setup_py'
[0.296s] Level 1:colcon.colcon_core.package_identification:_identify(install) by extensions ['ignore', 'ignore_ament_install']
[0.296s] Level 1:colcon.colcon_core.package_identification:_identify(install) by extension 'ignore'
[0.296s] Level 1:colcon.colcon_core.package_identification:_identify(install) ignored
[0.296s] Level 1:colcon.colcon_core.package_identification:_identify(log) by extensions ['ignore', 'ignore_ament_install']
[0.297s] Level 1:colcon.colcon_core.package_identification:_identify(log) by extension 'ignore'
[0.297s] Level 1:colcon.colcon_core.package_identification:_identify(log) ignored
[0.297s] Level 1:colcon.colcon_core.package_identification:_identify(src) by extensions ['ignore', 'ignore_ament_install']
[0.297s] Level 1:colcon.colcon_core.package_identification:_identify(src) by extension 'ignore'
[0.297s] Level 1:colcon.colcon_core.package_identification:_identify(src) by extension 'ignore_ament_install'
[0.297s] Level 1:colcon.colcon_core.package_identification:_identify(src) by extensions ['colcon_pkg']
[0.297s] Level 1:colcon.colcon_core.package_identification:_identify(src) by extension 'colcon_pkg'
[0.297s] Level 1:colcon.colcon_core.package_identification:_identify(src) by extensions ['colcon_meta']
[0.297s] Level 1:colcon.colcon_core.package_identification:_identify(src) by extension 'colcon_meta'
[0.297s] Level 1:colcon.colcon_core.package_identification:_identify(src) by extensions ['ros']
[0.297s] Level 1:colcon.colcon_core.package_identification:_identify(src) by extension 'ros'
[0.297s] Level 1:colcon.colcon_core.package_identification:_identify(src) by extensions ['cmake', 'python']
[0.297s] Level 1:colcon.colcon_core.package_identification:_identify(src) by extension 'cmake'
[0.297s] Level 1:colcon.colcon_core.package_identification:_identify(src) by extension 'python'
[0.297s] Level 1:colcon.colcon_core.package_identification:_identify(src) by extensions ['python_setup_py']
[0.297s] Level 1:colcon.colcon_core.package_identification:_identify(src) by extension 'python_setup_py'
[0.297s] Level 1:colcon.colcon_core.package_identification:_identify(src/flie) by extensions ['ignore', 'ignore_ament_install']
[0.297s] Level 1:colcon.colcon_core.package_identification:_identify(src/flie) by extension 'ignore'
[0.297s] Level 1:colcon.colcon_core.package_identification:_identify(src/flie) by extension 'ignore_ament_install'
[0.297s] Level 1:colcon.colcon_core.package_identification:_identify(src/flie) by extensions ['colcon_pkg']
[0.297s] Level 1:colcon.colcon_core.package_identification:_identify(src/flie) by extension 'colcon_pkg'
[0.298s] Level 1:colcon.colcon_core.package_identification:_identify(src/flie) by extensions ['colcon_meta']
[0.298s] Level 1:colcon.colcon_core.package_identification:_identify(src/flie) by extension 'colcon_meta'
[0.298s] Level 1:colcon.colcon_core.package_identification:_identify(src/flie) by extensions ['ros']
[0.298s] Level 1:colcon.colcon_core.package_identification:_identify(src/flie) by extension 'ros'
[0.300s] DEBUG:colcon.colcon_core.package_identification:Package 'src/flie' with type 'ros.ament_python' and name 'flie'
[0.300s] Level 1:colcon.colcon_core.package_identification:_identify(src/vision) by extensions ['ignore', 'ignore_ament_install']
[0.300s] Level 1:colcon.colcon_core.package_identification:_identify(src/vision) by extension 'ignore'
[0.300s] Level 1:colcon.colcon_core.package_identification:_identify(src/vision) by extension 'ignore_ament_install'
[0.300s] Level 1:colcon.colcon_core.package_identification:_identify(src/vision) by extensions ['colcon_pkg']
[0.300s] Level 1:colcon.colcon_core.package_identification:_identify(src/vision) by extension 'colcon_pkg'
[0.300s] Level 1:colcon.colcon_core.package_identification:_identify(src/vision) by extensions ['colcon_meta']
[0.300s] Level 1:colcon.colcon_core.package_identification:_identify(src/vision) by extension 'colcon_meta'
[0.300s] Level 1:colcon.colcon_core.package_identification:_identify(src/vision) by extensions ['ros']
[0.300s] Level 1:colcon.colcon_core.package_identification:_identify(src/vision) by extension 'ros'
[0.300s] DEBUG:colcon.colcon_core.package_identification:Package 'src/vision' with type 'ros.ament_python' and name 'vision'
[0.301s] Level 1:colcon.colcon_core.package_identification:_identify(src/voice) by extensions ['ignore', 'ignore_ament_install']
[0.301s] Level 1:colcon.colcon_core.package_identification:_identify(src/voice) by extension 'ignore'
[0.301s] Level 1:colcon.colcon_core.package_identification:_identify(src/voice) by extension 'ignore_ament_install'
[0.301s] Level 1:colcon.colcon_core.package_identification:_identify(src/voice) by extensions ['colcon_pkg']
[0.301s] Level 1:colcon.colcon_core.package_identification:_identify(src/voice) by extension 'colcon_pkg'
[0.301s] Level 1:colcon.colcon_core.package_identification:_identify(src/voice) by extensions ['colcon_meta']
[0.301s] Level 1:colcon.colcon_core.package_identification:_identify(src/voice) by extension 'colcon_meta'
[0.301s] Level 1:colcon.colcon_core.package_identification:_identify(src/voice) by extensions ['ros']
[0.301s] Level 1:colcon.colcon_core.package_identification:_identify(src/voice) by extension 'ros'
[0.301s] DEBUG:colcon.colcon_core.package_identification:Package 'src/voice' with type 'ros.ament_python' and name 'voice'
[0.302s] Level 1:colcon.colcon_core.package_identification:_identify(weights) by extensions ['ignore', 'ignore_ament_install']
[0.302s] Level 1:colcon.colcon_core.package_identification:_identify(weights) by extension 'ignore'
[0.302s] Level 1:colcon.colcon_core.package_identification:_identify(weights) by extension 'ignore_ament_install'
[0.302s] Level 1:colcon.colcon_core.package_identification:_identify(weights) by extensions ['colcon_pkg']
[0.302s] Level 1:colcon.colcon_core.package_identification:_identify(weights) by extension 'colcon_pkg'
[0.302s] Level 1:colcon.colcon_core.package_identification:_identify(weights) by extensions ['colcon_meta']
[0.302s] Level 1:colcon.colcon_core.package_identification:_identify(weights) by extension 'colcon_meta'
[0.302s] Level 1:colcon.colcon_core.package_identification:_identify(weights) by extensions ['ros']
[0.302s] Level 1:colcon.colcon_core.package_identification:_identify(weights) by extension 'ros'
[0.302s] Level 1:colcon.colcon_core.package_identification:_identify(weights) by extensions ['cmake', 'python']
[0.302s] Level 1:colcon.colcon_core.package_identification:_identify(weights) by extension 'cmake'
[0.302s] Level 1:colcon.colcon_core.package_identification:_identify(weights) by extension 'python'
[0.302s] Level 1:colcon.colcon_core.package_identification:_identify(weights) by extensions ['python_setup_py']
[0.302s] Level 1:colcon.colcon_core.package_identification:_identify(weights) by extension 'python_setup_py'
[0.302s] Level 1:colcon.colcon_core.package_identification:_identify(weights/Landing_Train) by extensions ['ignore', 'ignore_ament_install']
[0.302s] Level 1:colcon.colcon_core.package_identification:_identify(weights/Landing_Train) by extension 'ignore'
[0.302s] Level 1:colcon.colcon_core.package_identification:_identify(weights/Landing_Train) by extension 'ignore_ament_install'
[0.302s] Level 1:colcon.colcon_core.package_identification:_identify(weights/Landing_Train) by extensions ['colcon_pkg']
[0.302s] Level 1:colcon.colcon_core.package_identification:_identify(weights/Landing_Train) by extension 'colcon_pkg'
[0.302s] Level 1:colcon.colcon_core.package_identification:_identify(weights/Landing_Train) by extensions ['colcon_meta']
[0.302s] Level 1:colcon.colcon_core.package_identification:_identify(weights/Landing_Train) by extension 'colcon_meta'
[0.303s] Level 1:colcon.colcon_core.package_identification:_identify(weights/Landing_Train) by extensions ['ros']
[0.303s] Level 1:colcon.colcon_core.package_identification:_identify(weights/Landing_Train) by extension 'ros'
[0.303s] Level 1:colcon.colcon_core.package_identification:_identify(weights/Landing_Train) by extensions ['cmake', 'python']
[0.303s] Level 1:colcon.colcon_core.package_identification:_identify(weights/Landing_Train) by extension 'cmake'
[0.303s] Level 1:colcon.colcon_core.package_identification:_identify(weights/Landing_Train) by extension 'python'
[0.303s] Level 1:colcon.colcon_core.package_identification:_identify(weights/Landing_Train) by extensions ['python_setup_py']
[0.303s] Level 1:colcon.colcon_core.package_identification:_identify(weights/Landing_Train) by extension 'python_setup_py'
[0.303s] Level 1:colcon.colcon_core.package_identification:_identify(weights/crazy_Train) by extensions ['ignore', 'ignore_ament_install']
[0.303s] Level 1:colcon.colcon_core.package_identification:_identify(weights/crazy_Train) by extension 'ignore'
[0.303s] Level 1:colcon.colcon_core.package_identification:_identify(weights/crazy_Train) by extension 'ignore_ament_install'
[0.303s] Level 1:colcon.colcon_core.package_identification:_identify(weights/crazy_Train) by extensions ['colcon_pkg']
[0.303s] Level 1:colcon.colcon_core.package_identification:_identify(weights/crazy_Train) by extension 'colcon_pkg'
[0.303s] Level 1:colcon.colcon_core.package_identification:_identify(weights/crazy_Train) by extensions ['colcon_meta']
[0.303s] Level 1:colcon.colcon_core.package_identification:_identify(weights/crazy_Train) by extension 'colcon_meta'
[0.303s] Level 1:colcon.colcon_core.package_identification:_identify(weights/crazy_Train) by extensions ['ros']
[0.303s] Level 1:colcon.colcon_core.package_identification:_identify(weights/crazy_Train) by extension 'ros'
[0.303s] Level 1:colcon.colcon_core.package_identification:_identify(weights/crazy_Train) by extensions ['cmake', 'python']
[0.303s] Level 1:colcon.colcon_core.package_identification:_identify(weights/crazy_Train) by extension 'cmake'
[0.303s] Level 1:colcon.colcon_core.package_identification:_identify(weights/crazy_Train) by extension 'python'
[0.303s] Level 1:colcon.colcon_core.package_identification:_identify(weights/crazy_Train) by extensions ['python_setup_py']
[0.303s] Level 1:colcon.colcon_core.package_identification:_identify(weights/crazy_Train) by extension 'python_setup_py'
[0.303s] Level 1:colcon.colcon_core.package_identification:_identify(weights/red_Train) by extensions ['ignore', 'ignore_ament_install']
[0.304s] Level 1:colcon.colcon_core.package_identification:_identify(weights/red_Train) by extension 'ignore'
[0.304s] Level 1:colcon.colcon_core.package_identification:_identify(weights/red_Train) by extension 'ignore_ament_install'
[0.304s] Level 1:colcon.colcon_core.package_identification:_identify(weights/red_Train) by extensions ['colcon_pkg']
[0.304s] Level 1:colcon.colcon_core.package_identification:_identify(weights/red_Train) by extension 'colcon_pkg'
[0.304s] Level 1:colcon.colcon_core.package_identification:_identify(weights/red_Train) by extensions ['colcon_meta']
[0.304s] Level 1:colcon.colcon_core.package_identification:_identify(weights/red_Train) by extension 'colcon_meta'
[0.304s] Level 1:colcon.colcon_core.package_identification:_identify(weights/red_Train) by extensions ['ros']
[0.304s] Level 1:colcon.colcon_core.package_identification:_identify(weights/red_Train) by extension 'ros'
[0.304s] Level 1:colcon.colcon_core.package_identification:_identify(weights/red_Train) by extensions ['cmake', 'python']
[0.304s] Level 1:colcon.colcon_core.package_identification:_identify(weights/red_Train) by extension 'cmake'
[0.304s] Level 1:colcon.colcon_core.package_identification:_identify(weights/red_Train) by extension 'python'
[0.304s] Level 1:colcon.colcon_core.package_identification:_identify(weights/red_Train) by extensions ['python_setup_py']
[0.304s] Level 1:colcon.colcon_core.package_identification:_identify(weights/red_Train) by extension 'python_setup_py'
[0.304s] Level 1:colcon.colcon_core.package_discovery:discover_packages(recursive) using defaults
[0.304s] Level 1:colcon.colcon_core.package_discovery:discover_packages(ignore) discover
[0.304s] Level 1:colcon.colcon_core.package_discovery:discover_packages(ignore) using defaults
[0.304s] Level 1:colcon.colcon_core.package_discovery:discover_packages(path) discover
[0.304s] Level 1:colcon.colcon_core.package_discovery:discover_packages(path) using defaults
[0.321s] Level 1:colcon.colcon_core.package_discovery:discover_packages(prefix_path) check parameters
[0.321s] Level 1:colcon.colcon_core.package_discovery:discover_packages(prefix_path) discover
[0.323s] DEBUG:colcon.colcon_installed_package_information.package_discovery:Found 276 installed packages in /opt/ros/humble
[0.325s] Level 1:colcon.colcon_core.package_discovery:discover_packages(prefix_path) using defaults
[0.357s] Level 5:colcon.colcon_core.verb:set package 'flie' build argument 'cmake_args' from command line to 'None'
[0.357s] Level 5:colcon.colcon_core.verb:set package 'flie' build argument 'cmake_target' from command line to 'None'
[0.357s] Level 5:colcon.colcon_core.verb:set package 'flie' build argument 'cmake_target_skip_unavailable' from command line to 'False'
[0.357s] Level 5:colcon.colcon_core.verb:set package 'flie' build argument 'cmake_clean_cache' from command line to 'False'
[0.358s] Level 5:colcon.colcon_core.verb:set package 'flie' build argument 'cmake_clean_first' from command line to 'False'
[0.358s] Level 5:colcon.colcon_core.verb:set package 'flie' build argument 'cmake_force_configure' from command line to 'False'
[0.358s] Level 5:colcon.colcon_core.verb:set package 'flie' build argument 'ament_cmake_args' from command line to 'None'
[0.358s] Level 5:colcon.colcon_core.verb:set package 'flie' build argument 'catkin_cmake_args' from command line to 'None'
[0.358s] Level 5:colcon.colcon_core.verb:set package 'flie' build argument 'catkin_skip_building_tests' from command line to 'False'
[0.358s] DEBUG:colcon.colcon_core.verb:Building package 'flie' with the following arguments: {'ament_cmake_args': None, 'build_base': '/home/yehosua/Zayolin-kuekuechti/ros2_ws/build/flie', 'catkin_cmake_args': None, 'catkin_skip_building_tests': False, 'cmake_args': None, 'cmake_clean_cache': False, 'cmake_clean_first': False, 'cmake_force_configure': False, 'cmake_target': None, 'cmake_target_skip_unavailable': False, 'install_base': '/home/yehosua/Zayolin-kuekuechti/ros2_ws/install/flie', 'merge_install': False, 'path': '/home/yehosua/Zayolin-kuekuechti/ros2_ws/src/flie', 'symlink_install': True, 'test_result_base': None}
[0.358s] Level 5:colcon.colcon_core.verb:set package 'vision' build argument 'cmake_args' from command line to 'None'
[0.358s] Level 5:colcon.colcon_core.verb:set package 'vision' build argument 'cmake_target' from command line to 'None'
[0.358s] Level 5:colcon.colcon_core.verb:set package 'vision' build argument 'cmake_target_skip_unavailable' from command line to 'False'
[0.358s] Level 5:colcon.colcon_core.verb:set package 'vision' build argument 'cmake_clean_cache' from command line to 'False'
[0.358s] Level 5:colcon.colcon_core.verb:set package 'vision' build argument 'cmake_clean_first' from command line to 'False'
[0.358s] Level 5:colcon.colcon_core.verb:set package 'vision' build argument 'cmake_force_configure' from command line to 'False'
[0.358s] Level 5:colcon.colcon_core.verb:set package 'vision' build argument 'ament_cmake_args' from command line to 'None'
[0.358s] Level 5:colcon.colcon_core.verb:set package 'vision' build argument 'catkin_cmake_args' from command line to 'None'
[0.358s] Level 5:colcon.colcon_core.verb:set package 'vision' build argument 'catkin_skip_building_tests' from command line to 'False'
[0.358s] DEBUG:colcon.colcon_core.verb:Building package 'vision' with the following arguments: {'ament_cmake_args': None, 'build_base': '/home/yehosua/Zayolin-kuekuechti/ros2_ws/build/vision', 'catkin_cmake_args': None, 'catkin_skip_building_tests': False, 'cmake_args': None, 'cmake_clean_cache': False, 'cmake_clean_first': False, 'cmake_force_configure': False, 'cmake_target': None, 'cmake_target_skip_unavailable': False, 'install_base': '/home/yehosua/Zayolin-kuekuechti/ros2_ws/install/vision', 'merge_install': False, 'path': '/home/yehosua/Zayolin-kuekuechti/ros2_ws/src/vision', 'symlink_install': True, 'test_result_base': None}
[0.359s] Level 5:colcon.colcon_core.verb:set package 'voice' build argument 'cmake_args' from command line to 'None'
[0.359s] Level 5:colcon.colcon_core.verb:set package 'voice' build argument 'cmake_target' from command line to 'None'
[0.359s] Level 5:colcon.colcon_core.verb:set package 'voice' build argument 'cmake_target_skip_unavailable' from command line to 'False'
[0.359s] Level 5:colcon.colcon_core.verb:set package 'voice' build argument 'cmake_clean_cache' from command line to 'False'
[0.359s] Level 5:colcon.colcon_core.verb:set package 'voice' build argument 'cmake_clean_first' from command line to 'False'
[0.359s] Level 5:colcon.colcon_core.verb:set package 'voice' build argument 'cmake_force_configure' from command line to 'False'
[0.359s] Level 5:colcon.colcon_core.verb:set package 'voice' build argument 'ament_cmake_args' from command line to 'None'
[0.359s] Level 5:colcon.colcon_core.verb:set package 'voice' build argument 'catkin_cmake_args' from command line to 'None'
[0.359s] Level 5:colcon.colcon_core.verb:set package 'voice' build argument 'catkin_skip_building_tests' from command line to 'False'
[0.359s] DEBUG:colcon.colcon_core.verb:Building package 'voice' with the following arguments: {'ament_cmake_args': None, 'build_base': '/home/yehosua/Zayolin-kuekuechti/ros2_ws/build/voice', 'catkin_cmake_args': None, 'catkin_skip_building_tests': False, 'cmake_args': None, 'cmake_clean_cache': False, 'cmake_clean_first': False, 'cmake_force_configure': False, 'cmake_target': None, 'cmake_target_skip_unavailable': False, 'install_base': '/home/yehosua/Zayolin-kuekuechti/ros2_ws/install/voice', 'merge_install': False, 'path': '/home/yehosua/Zayolin-kuekuechti/ros2_ws/src/voice', 'symlink_install': True, 'test_result_base': None}
[0.359s] INFO:colcon.colcon_core.executor:Executing jobs using 'parallel' executor
[0.360s] DEBUG:colcon.colcon_parallel_executor.executor.parallel:run_until_complete
[0.360s] INFO:colcon.colcon_ros.task.ament_python.build:Building ROS package in '/home/yehosua/Zayolin-kuekuechti/ros2_ws/src/flie' with build type 'ament_python'
[0.360s] Level 1:colcon.colcon_core.shell:create_environment_hook('flie', 'ament_prefix_path')
[0.362s] INFO:colcon.colcon_core.plugin_system:Skipping extension 'colcon_core.shell.bat': Not used on non-Windows systems
[0.362s] INFO:colcon.colcon_core.shell:Creating environment hook '/home/yehosua/Zayolin-kuekuechti/ros2_ws/install/flie/share/flie/hook/ament_prefix_path.ps1'
[0.362s] INFO:colcon.colcon_core.shell:Creating environment descriptor '/home/yehosua/Zayolin-kuekuechti/ros2_ws/install/flie/share/flie/hook/ament_prefix_path.dsv'
[0.363s] INFO:colcon.colcon_core.shell:Creating environment hook '/home/yehosua/Zayolin-kuekuechti/ros2_ws/install/flie/share/flie/hook/ament_prefix_path.sh'
[0.363s] INFO:colcon.colcon_core.shell:Skip shell extension 'powershell' for command environment: Not usable outside of PowerShell
[0.364s] DEBUG:colcon.colcon_core.shell:Skip shell extension 'dsv' for command environment
[0.366s] INFO:colcon.colcon_ros.task.ament_python.build:Building ROS package in '/home/yehosua/Zayolin-kuekuechti/ros2_ws/src/vision' with build type 'ament_python'
[0.366s] Level 1:colcon.colcon_core.shell:create_environment_hook('vision', 'ament_prefix_path')
[0.366s] INFO:colcon.colcon_core.shell:Creating environment hook '/home/yehosua/Zayolin-kuekuechti/ros2_ws/install/vision/share/vision/hook/ament_prefix_path.ps1'
[0.367s] INFO:colcon.colcon_core.shell:Creating environment descriptor '/home/yehosua/Zayolin-kuekuechti/ros2_ws/install/vision/share/vision/hook/ament_prefix_path.dsv'
[0.367s] INFO:colcon.colcon_core.shell:Creating environment hook '/home/yehosua/Zayolin-kuekuechti/ros2_ws/install/vision/share/vision/hook/ament_prefix_path.sh'
[0.367s] INFO:colcon.colcon_core.shell:Skip shell extension 'powershell' for command environment: Not usable outside of PowerShell
[0.367s] DEBUG:colcon.colcon_core.shell:Skip shell extension 'dsv' for command environment
[0.369s] INFO:colcon.colcon_ros.task.ament_python.build:Building ROS package in '/home/yehosua/Zayolin-kuekuechti/ros2_ws/src/voice' with build type 'ament_python'
[0.370s] Level 1:colcon.colcon_core.shell:create_environment_hook('voice', 'ament_prefix_path')
[0.370s] INFO:colcon.colcon_core.shell:Creating environment hook '/home/yehosua/Zayolin-kuekuechti/ros2_ws/install/voice/share/voice/hook/ament_prefix_path.ps1'
[0.370s] INFO:colcon.colcon_core.shell:Creating environment descriptor '/home/yehosua/Zayolin-kuekuechti/ros2_ws/install/voice/share/voice/hook/ament_prefix_path.dsv'
[0.371s] INFO:colcon.colcon_core.shell:Creating environment hook '/home/yehosua/Zayolin-kuekuechti/ros2_ws/install/voice/share/voice/hook/ament_prefix_path.sh'
[0.371s] INFO:colcon.colcon_core.shell:Skip shell extension 'powershell' for command environment: Not usable outside of PowerShell
[0.371s] DEBUG:colcon.colcon_core.shell:Skip shell extension 'dsv' for command environment
[0.615s] INFO:colcon.colcon_core.task.python.build:Building Python package in '/home/yehosua/Zayolin-kuekuechti/ros2_ws/src/flie'
[0.615s] INFO:colcon.colcon_core.shell:Skip shell extension 'powershell' for command environment: Not usable outside of PowerShell
[0.615s] DEBUG:colcon.colcon_core.shell:Skip shell extension 'dsv' for command environment
[0.857s] INFO:colcon.colcon_core.task.python.build:Building Python package in '/home/yehosua/Zayolin-kuekuechti/ros2_ws/src/vision'
[0.857s] INFO:colcon.colcon_core.shell:Skip shell extension 'powershell' for command environment: Not usable outside of PowerShell
[0.857s] DEBUG:colcon.colcon_core.shell:Skip shell extension 'dsv' for command environment
[1.101s] INFO:colcon.colcon_core.task.python.build:Building Python package in '/home/yehosua/Zayolin-kuekuechti/ros2_ws/src/voice'
[1.102s] INFO:colcon.colcon_core.shell:Skip shell extension 'powershell' for command environment: Not usable outside of PowerShell
[1.102s] DEBUG:colcon.colcon_core.shell:Skip shell extension 'dsv' for command environment
[1.467s] DEBUG:colcon.colcon_core.event_handler.log_command:Invoking command in '/home/yehosua/Zayolin-kuekuechti/ros2_ws/build/flie': PYTHONPATH=/home/yehosua/Zayolin-kuekuechti/ros2_ws/build/flie/prefix_override:/usr/lib/python3/dist-packages/colcon_core/task/python/colcon_distutils_commands:/home/yehosua/Zayolin-kuekuechti/ros2_ws/install/flie/lib/python3.10/site-packages:${PYTHONPATH} /usr/bin/python3 -W ignore:setup.py install is deprecated -W ignore:easy_install command is deprecated setup.py develop --editable --build-directory /home/yehosua/Zayolin-kuekuechti/ros2_ws/build/flie/build --no-deps symlink_data
[1.471s] DEBUG:colcon.colcon_core.event_handler.log_command:Invoking command in '/home/yehosua/Zayolin-kuekuechti/ros2_ws/build/vision': PYTHONPATH=/home/yehosua/Zayolin-kuekuechti/ros2_ws/build/vision/prefix_override:/usr/lib/python3/dist-packages/colcon_core/task/python/colcon_distutils_commands:/home/yehosua/Zayolin-kuekuechti/ros2_ws/install/vision/lib/python3.10/site-packages:${PYTHONPATH} /usr/bin/python3 -W ignore:setup.py install is deprecated -W ignore:easy_install command is deprecated setup.py develop --editable --build-directory /home/yehosua/Zayolin-kuekuechti/ros2_ws/build/vision/build --no-deps symlink_data
[1.473s] DEBUG:colcon.colcon_core.event_handler.log_command:Invoking command in '/home/yehosua/Zayolin-kuekuechti/ros2_ws/build/voice': PYTHONPATH=/home/yehosua/Zayolin-kuekuechti/ros2_ws/build/voice/prefix_override:/usr/lib/python3/dist-packages/colcon_core/task/python/colcon_distutils_commands:/home/yehosua/Zayolin-kuekuechti/ros2_ws/install/voice/lib/python3.10/site-packages:${PYTHONPATH} /usr/bin/python3 -W ignore:setup.py install is deprecated -W ignore:easy_install command is deprecated setup.py develop --editable --build-directory /home/yehosua/Zayolin-kuekuechti/ros2_ws/build/voice/build --no-deps symlink_data
[1.958s] Level 1:colcon.colcon_core.shell:create_environment_hook('flie', 'pythonpath_develop')
[1.958s] DEBUG:colcon.colcon_core.event_handler.log_command:Invoked command in '/home/yehosua/Zayolin-kuekuechti/ros2_ws/build/flie' returned '0': PYTHONPATH=/home/yehosua/Zayolin-kuekuechti/ros2_ws/build/flie/prefix_override:/usr/lib/python3/dist-packages/colcon_core/task/python/colcon_distutils_commands:/home/yehosua/Zayolin-kuekuechti/ros2_ws/install/flie/lib/python3.10/site-packages:${PYTHONPATH} /usr/bin/python3 -W ignore:setup.py install is deprecated -W ignore:easy_install command is deprecated setup.py develop --editable --build-directory /home/yehosua/Zayolin-kuekuechti/ros2_ws/build/flie/build --no-deps symlink_data
[1.958s] INFO:colcon.colcon_core.shell:Creating environment hook '/home/yehosua/Zayolin-kuekuechti/ros2_ws/build/flie/share/flie/hook/pythonpath_develop.ps1'
[1.959s] INFO:colcon.colcon_core.shell:Creating environment descriptor '/home/yehosua/Zayolin-kuekuechti/ros2_ws/build/flie/share/flie/hook/pythonpath_develop.dsv'
[1.959s] INFO:colcon.colcon_core.shell:Creating environment hook '/home/yehosua/Zayolin-kuekuechti/ros2_ws/build/flie/share/flie/hook/pythonpath_develop.sh'
[1.962s] Level 1:colcon.colcon_core.environment:checking '/home/yehosua/Zayolin-kuekuechti/ros2_ws/install/flie' for CMake module files
[1.963s] Level 1:colcon.colcon_core.environment:checking '/home/yehosua/Zayolin-kuekuechti/ros2_ws/install/flie' for CMake config files
[1.964s] Level 1:colcon.colcon_core.environment:checking '/home/yehosua/Zayolin-kuekuechti/ros2_ws/install/flie/lib'
[1.964s] Level 1:colcon.colcon_core.environment:checking '/home/yehosua/Zayolin-kuekuechti/ros2_ws/install/flie/bin'
[1.964s] Level 1:colcon.colcon_core.environment:checking '/home/yehosua/Zayolin-kuekuechti/ros2_ws/install/flie/lib/pkgconfig/flie.pc'
[1.964s] Level 1:colcon.colcon_core.environment:checking '/home/yehosua/Zayolin-kuekuechti/ros2_ws/install/flie/lib/python3.10/site-packages'
[1.964s] Level 1:colcon.colcon_core.shell:create_environment_hook('flie', 'pythonpath')
[1.964s] INFO:colcon.colcon_core.shell:Creating environment hook '/home/yehosua/Zayolin-kuekuechti/ros2_ws/install/flie/share/flie/hook/pythonpath.ps1'
[1.965s] INFO:colcon.colcon_core.shell:Creating environment descriptor '/home/yehosua/Zayolin-kuekuechti/ros2_ws/install/flie/share/flie/hook/pythonpath.dsv'
[1.965s] INFO:colcon.colcon_core.shell:Creating environment hook '/home/yehosua/Zayolin-kuekuechti/ros2_ws/install/flie/share/flie/hook/pythonpath.sh'
[1.966s] Level 1:colcon.colcon_core.environment:checking '/home/yehosua/Zayolin-kuekuechti/ros2_ws/install/flie/bin'
[1.966s] Level 1:colcon.colcon_core.environment:create_environment_scripts_only(flie)
[1.967s] INFO:colcon.colcon_core.shell:Creating package script '/home/yehosua/Zayolin-kuekuechti/ros2_ws/install/flie/share/flie/package.ps1'
[1.968s] INFO:colcon.colcon_core.shell:Creating package descriptor '/home/yehosua/Zayolin-kuekuechti/ros2_ws/install/flie/share/flie/package.dsv'
[1.969s] INFO:colcon.colcon_core.shell:Creating package script '/home/yehosua/Zayolin-kuekuechti/ros2_ws/install/flie/share/flie/package.sh'
[1.970s] INFO:colcon.colcon_core.shell:Creating package script '/home/yehosua/Zayolin-kuekuechti/ros2_ws/install/flie/share/flie/package.bash'
[1.971s] INFO:colcon.colcon_core.shell:Creating package script '/home/yehosua/Zayolin-kuekuechti/ros2_ws/install/flie/share/flie/package.zsh'
[1.971s] Level 1:colcon.colcon_core.environment:create_file_with_runtime_dependencies(/home/yehosua/Zayolin-kuekuechti/ros2_ws/install/flie/share/colcon-core/packages/flie)
[1.979s] Level 1:colcon.colcon_core.shell:create_environment_hook('vision', 'pythonpath_develop')
[1.980s] INFO:colcon.colcon_core.shell:Creating environment hook '/home/yehosua/Zayolin-kuekuechti/ros2_ws/build/vision/share/vision/hook/pythonpath_develop.ps1'
[1.981s] DEBUG:colcon.colcon_core.event_handler.log_command:Invoked command in '/home/yehosua/Zayolin-kuekuechti/ros2_ws/build/vision' returned '0': PYTHONPATH=/home/yehosua/Zayolin-kuekuechti/ros2_ws/build/vision/prefix_override:/usr/lib/python3/dist-packages/colcon_core/task/python/colcon_distutils_commands:/home/yehosua/Zayolin-kuekuechti/ros2_ws/install/vision/lib/python3.10/site-packages:${PYTHONPATH} /usr/bin/python3 -W ignore:setup.py install is deprecated -W ignore:easy_install command is deprecated setup.py develop --editable --build-directory /home/yehosua/Zayolin-kuekuechti/ros2_ws/build/vision/build --no-deps symlink_data
[1.981s] INFO:colcon.colcon_core.shell:Creating environment descriptor '/home/yehosua/Zayolin-kuekuechti/ros2_ws/build/vision/share/vision/hook/pythonpath_develop.dsv'
[1.981s] INFO:colcon.colcon_core.shell:Creating environment hook '/home/yehosua/Zayolin-kuekuechti/ros2_ws/build/vision/share/vision/hook/pythonpath_develop.sh'
[1.982s] Level 1:colcon.colcon_core.environment:checking '/home/yehosua/Zayolin-kuekuechti/ros2_ws/install/vision' for CMake module files
[1.982s] Level 1:colcon.colcon_core.environment:checking '/home/yehosua/Zayolin-kuekuechti/ros2_ws/install/vision' for CMake config files
[1.983s] Level 1:colcon.colcon_core.environment:checking '/home/yehosua/Zayolin-kuekuechti/ros2_ws/install/vision/lib'
[1.983s] Level 1:colcon.colcon_core.environment:checking '/home/yehosua/Zayolin-kuekuechti/ros2_ws/install/vision/bin'
[1.983s] Level 1:colcon.colcon_core.environment:checking '/home/yehosua/Zayolin-kuekuechti/ros2_ws/install/vision/lib/pkgconfig/vision.pc'
[1.983s] Level 1:colcon.colcon_core.environment:checking '/home/yehosua/Zayolin-kuekuechti/ros2_ws/install/vision/lib/python3.10/site-packages'
[1.983s] Level 1:colcon.colcon_core.shell:create_environment_hook('vision', 'pythonpath')
[1.983s] INFO:colcon.colcon_core.shell:Creating environment hook '/home/yehosua/Zayolin-kuekuechti/ros2_ws/install/vision/share/vision/hook/pythonpath.ps1'
[1.984s] INFO:colcon.colcon_core.shell:Creating environment descriptor '/home/yehosua/Zayolin-kuekuechti/ros2_ws/install/vision/share/vision/hook/pythonpath.dsv'
[1.984s] INFO:colcon.colcon_core.shell:Creating environment hook '/home/yehosua/Zayolin-kuekuechti/ros2_ws/install/vision/share/vision/hook/pythonpath.sh'
[1.984s] Level 1:colcon.colcon_core.environment:checking '/home/yehosua/Zayolin-kuekuechti/ros2_ws/install/vision/bin'
[1.984s] Level 1:colcon.colcon_core.environment:create_environment_scripts_only(vision)
[1.985s] INFO:colcon.colcon_core.shell:Creating package script '/home/yehosua/Zayolin-kuekuechti/ros2_ws/install/vision/share/vision/package.ps1'
[1.985s] INFO:colcon.colcon_core.shell:Creating package descriptor '/home/yehosua/Zayolin-kuekuechti/ros2_ws/install/vision/share/vision/package.dsv'
[1.986s] INFO:colcon.colcon_core.shell:Creating package script '/home/yehosua/Zayolin-kuekuechti/ros2_ws/install/vision/share/vision/package.sh'
[1.986s] INFO:colcon.colcon_core.shell:Creating package script '/home/yehosua/Zayolin-kuekuechti/ros2_ws/install/vision/share/vision/package.bash'
[1.986s] INFO:colcon.colcon_core.shell:Creating package script '/home/yehosua/Zayolin-kuekuechti/ros2_ws/install/vision/share/vision/package.zsh'
[1.987s] Level 1:colcon.colcon_core.environment:create_file_with_runtime_dependencies(/home/yehosua/Zayolin-kuekuechti/ros2_ws/install/vision/share/colcon-core/packages/vision)
[1.988s] Level 1:colcon.colcon_core.shell:create_environment_hook('voice', 'pythonpath_develop')
[1.988s] INFO:colcon.colcon_core.shell:Creating environment hook '/home/yehosua/Zayolin-kuekuechti/ros2_ws/build/voice/share/voice/hook/pythonpath_develop.ps1'
[1.988s] INFO:colcon.colcon_core.shell:Creating environment descriptor '/home/yehosua/Zayolin-kuekuechti/ros2_ws/build/voice/share/voice/hook/pythonpath_develop.dsv'
[1.989s] DEBUG:colcon.colcon_core.event_handler.log_command:Invoked command in '/home/yehosua/Zayolin-kuekuechti/ros2_ws/build/voice' returned '0': PYTHONPATH=/home/yehosua/Zayolin-kuekuechti/ros2_ws/build/voice/prefix_override:/usr/lib/python3/dist-packages/colcon_core/task/python/colcon_distutils_commands:/home/yehosua/Zayolin-kuekuechti/ros2_ws/install/voice/lib/python3.10/site-packages:${PYTHONPATH} /usr/bin/python3 -W ignore:setup.py install is deprecated -W ignore:easy_install command is deprecated setup.py develop --editable --build-directory /home/yehosua/Zayolin-kuekuechti/ros2_ws/build/voice/build --no-deps symlink_data
[1.989s] INFO:colcon.colcon_core.shell:Creating environment hook '/home/yehosua/Zayolin-kuekuechti/ros2_ws/build/voice/share/voice/hook/pythonpath_develop.sh'
[1.989s] Level 1:colcon.colcon_core.environment:checking '/home/yehosua/Zayolin-kuekuechti/ros2_ws/install/voice' for CMake module files
[1.990s] Level 1:colcon.colcon_core.environment:checking '/home/yehosua/Zayolin-kuekuechti/ros2_ws/install/voice' for CMake config files
[1.990s] Level 1:colcon.colcon_core.environment:checking '/home/yehosua/Zayolin-kuekuechti/ros2_ws/install/voice/lib'
[1.990s] Level 1:colcon.colcon_core.environment:checking '/home/yehosua/Zayolin-kuekuechti/ros2_ws/install/voice/bin'
[1.990s] Level 1:colcon.colcon_core.environment:checking '/home/yehosua/Zayolin-kuekuechti/ros2_ws/install/voice/lib/pkgconfig/voice.pc'
[1.990s] Level 1:colcon.colcon_core.environment:checking '/home/yehosua/Zayolin-kuekuechti/ros2_ws/install/voice/lib/python3.10/site-packages'
[1.991s] Level 1:colcon.colcon_core.shell:create_environment_hook('voice', 'pythonpath')
[1.991s] INFO:colcon.colcon_core.shell:Creating environment hook '/home/yehosua/Zayolin-kuekuechti/ros2_ws/install/voice/share/voice/hook/pythonpath.ps1'
[1.991s] INFO:colcon.colcon_core.shell:Creating environment descriptor '/home/yehosua/Zayolin-kuekuechti/ros2_ws/install/voice/share/voice/hook/pythonpath.dsv'
[1.991s] INFO:colcon.colcon_core.shell:Creating environment hook '/home/yehosua/Zayolin-kuekuechti/ros2_ws/install/voice/share/voice/hook/pythonpath.sh'
[1.992s] Level 1:colcon.colcon_core.environment:checking '/home/yehosua/Zayolin-kuekuechti/ros2_ws/install/voice/bin'
[1.992s] Level 1:colcon.colcon_core.environment:create_environment_scripts_only(voice)
[1.992s] INFO:colcon.colcon_core.shell:Creating package script '/home/yehosua/Zayolin-kuekuechti/ros2_ws/install/voice/share/voice/package.ps1'
[1.993s] INFO:colcon.colcon_core.shell:Creating package descriptor '/home/yehosua/Zayolin-kuekuechti/ros2_ws/install/voice/share/voice/package.dsv'
[1.993s] INFO:colcon.colcon_core.shell:Creating package script '/home/yehosua/Zayolin-kuekuechti/ros2_ws/install/voice/share/voice/package.sh'
[1.994s] INFO:colcon.colcon_core.shell:Creating package script '/home/yehosua/Zayolin-kuekuechti/ros2_ws/install/voice/share/voice/package.bash'
[1.994s] INFO:colcon.colcon_core.shell:Creating package script '/home/yehosua/Zayolin-kuekuechti/ros2_ws/install/voice/share/voice/package.zsh'
[1.994s] Level 1:colcon.colcon_core.environment:create_file_with_runtime_dependencies(/home/yehosua/Zayolin-kuekuechti/ros2_ws/install/voice/share/colcon-core/packages/voice)
[1.995s] DEBUG:colcon.colcon_parallel_executor.executor.parallel:closing loop
[1.995s] DEBUG:colcon.colcon_parallel_executor.executor.parallel:loop closed
[1.995s] DEBUG:colcon.colcon_parallel_executor.executor.parallel:run_until_complete finished with '0'
[1.995s] DEBUG:colcon.colcon_core.event_reactor:joining thread
[2.000s] INFO:colcon.colcon_core.plugin_system:Skipping extension 'colcon_notification.desktop_notification.terminal_notifier': Not used on non-Darwin systems
[2.000s] INFO:colcon.colcon_core.plugin_system:Skipping extension 'colcon_notification.desktop_notification.win32': Not used on non-Windows systems
[2.000s] INFO:colcon.colcon_notification.desktop_notification:Sending desktop notification using 'notify2'
[2.019s] DEBUG:colcon.colcon_core.event_reactor:joined thread
[2.019s] INFO:colcon.colcon_core.shell:Creating prefix script '/home/yehosua/Zayolin-kuekuechti/ros2_ws/install/local_setup.ps1'
[2.020s] INFO:colcon.colcon_core.shell:Creating prefix util module '/home/yehosua/Zayolin-kuekuechti/ros2_ws/install/_local_setup_util_ps1.py'
[2.021s] INFO:colcon.colcon_core.shell:Creating prefix chain script '/home/yehosua/Zayolin-kuekuechti/ros2_ws/install/setup.ps1'
[2.022s] INFO:colcon.colcon_core.shell:Creating prefix script '/home/yehosua/Zayolin-kuekuechti/ros2_ws/install/local_setup.sh'
[2.022s] INFO:colcon.colcon_core.shell:Creating prefix util module '/home/yehosua/Zayolin-kuekuechti/ros2_ws/install/_local_setup_util_sh.py'
[2.023s] INFO:colcon.colcon_core.shell:Creating prefix chain script '/home/yehosua/Zayolin-kuekuechti/ros2_ws/install/setup.sh'
[2.024s] INFO:colcon.colcon_core.shell:Creating prefix script '/home/yehosua/Zayolin-kuekuechti/ros2_ws/install/local_setup.bash'
[2.024s] INFO:colcon.colcon_core.shell:Creating prefix chain script '/home/yehosua/Zayolin-kuekuechti/ros2_ws/install/setup.bash'
[2.025s] INFO:colcon.colcon_core.shell:Creating prefix script '/home/yehosua/Zayolin-kuekuechti/ros2_ws/install/local_setup.zsh'
[2.026s] INFO:colcon.colcon_core.shell:Creating prefix chain script '/home/yehosua/Zayolin-kuekuechti/ros2_ws/install/setup.zsh'
