[1.144s] Invoking command in '/home/yehosua/Zayolin-kuekuechti/ros2_ws/build/flie': PYTHONPATH=/home/yehosua/Zayolin-kuekuechti/ros2_ws/build/flie/prefix_override:/usr/lib/python3/dist-packages/colcon_core/task/python/colcon_distutils_commands:/home/yehosua/Zayolin-kuekuechti/ros2_ws/install/flie/lib/python3.10/site-packages:${PYTHONPATH} /usr/bin/python3 -W ignore:setup.py install is deprecated -W ignore:easy_install command is deprecated setup.py develop --editable --build-directory /home/yehosua/Zayolin-kuekuechti/ros2_ws/build/flie/build --no-deps symlink_data
[1.401s] running develop
[1.596s] running egg_info
[1.597s] writing flie.egg-info/PKG-INFO
[1.597s] writing dependency_links to flie.egg-info/dependency_links.txt
[1.597s] writing entry points to flie.egg-info/entry_points.txt
[1.597s] writing requirements to flie.egg-info/requires.txt
[1.597s] writing top-level names to flie.egg-info/top_level.txt
[1.602s] reading manifest file 'flie.egg-info/SOURCES.txt'
[1.603s] writing manifest file 'flie.egg-info/SOURCES.txt'
[1.604s] running build_ext
[1.604s] Creating /home/yehosua/Zayolin-kuekuechti/ros2_ws/install/flie/lib/python3.10/site-packages/flie.egg-link (link to .)
[1.605s] Installing Test1 script to /home/yehosua/Zayolin-kuekuechti/ros2_ws/install/flie/lib/flie
[1.606s] Installing cf_brain_node script to /home/yehosua/Zayolin-kuekuechti/ros2_ws/install/flie/lib/flie
[1.606s] Installing gate_red script to /home/yehosua/Zayolin-kuekuechti/ros2_ws/install/flie/lib/flie
[1.606s] Installing prueba_avance script to /home/yehosua/Zayolin-kuekuechti/ros2_ws/install/flie/lib/flie
[1.606s] 
[1.606s] Installed /home/yehosua/Zayolin-kuekuechti/ros2_ws/build/flie
[1.606s] running symlink_data
[1.668s] Invoked command in '/home/yehosua/Zayolin-kuekuechti/ros2_ws/build/flie' returned '0': PYTHONPATH=/home/yehosua/Zayolin-kuekuechti/ros2_ws/build/flie/prefix_override:/usr/lib/python3/dist-packages/colcon_core/task/python/colcon_distutils_commands:/home/yehosua/Zayolin-kuekuechti/ros2_ws/install/flie/lib/python3.10/site-packages:${PYTHONPATH} /usr/bin/python3 -W ignore:setup.py install is deprecated -W ignore:easy_install command is deprecated setup.py develop --editable --build-directory /home/yehosua/Zayolin-kuekuechti/ros2_ws/build/flie/build --no-deps symlink_data
