[0.118s] DEBUG:colcon:Command line arguments: ['/usr/bin/colcon', 'build', '--symlink-install']
[0.118s] DEBUG:colcon:Parsed command line arguments: Namespace(log_base=None, log_level=None, verb_name='build', build_base='build', install_base='install', merge_install=False, symlink_install=True, test_result_base=None, continue_on_error=False, executor='parallel', parallel_workers=6, event_handlers=None, ignore_user_meta=False, metas=['./colcon.meta'], base_paths=['.'], packages_ignore=None, packages_ignore_regex=None, paths=None, packages_up_to=None, packages_up_to_regex=None, packages_above=None, packages_above_and_dependencies=None, packages_above_depth=None, packages_select_by_dep=None, packages_skip_by_dep=None, packages_skip_up_to=None, packages_select_build_failed=False, packages_skip_build_finished=False, packages_select_test_failures=False, packages_skip_test_passed=False, packages_select=None, packages_skip=None, packages_select_regex=None, packages_skip_regex=None, packages_start=None, packages_end=None, allow_overriding=[], cmake_args=None, cmake_target=None, cmake_target_skip_unavailable=False, cmake_clean_cache=False, cmake_clean_first=False, cmake_force_configure=False, ament_cmake_args=None, catkin_cmake_args=None, catkin_skip_building_tests=False, mixin_files=None, mixin=None, verb_parser=<colcon_mixin.mixin.mixin_argument.MixinArgumentDecorator object at 0x7a998c357d30>, verb_extension=<colcon_core.verb.build.BuildVerb object at 0x7a998c357310>, main=<bound method BuildVerb.main of <colcon_core.verb.build.BuildVerb object at 0x7a998c357310>>, mixin_verb=('build',))
[0.292s] Level 1:colcon.colcon_core.package_discovery:discover_packages(colcon_meta) check parameters
[0.292s] Level 1:colcon.colcon_core.package_discovery:discover_packages(recursive) check parameters
[0.292s] Level 1:colcon.colcon_core.package_discovery:discover_packages(ignore) check parameters
[0.292s] Level 1:colcon.colcon_core.package_discovery:discover_packages(path) check parameters
[0.292s] Level 1:colcon.colcon_core.package_discovery:discover_packages(colcon_meta) discover
[0.292s] Level 1:colcon.colcon_core.package_discovery:discover_packages(recursive) discover
[0.293s] INFO:colcon.colcon_core.package_discovery:Crawling recursively for packages in '/home/yehosua/Zayolin-kuekuechti/ros2_ws'
[0.293s] Level 1:colcon.colcon_core.package_identification:_identify(.) by extensions ['ignore', 'ignore_ament_install']
[0.293s] Level 1:colcon.colcon_core.package_identification:_identify(.) by extension 'ignore'
[0.293s] Level 1:colcon.colcon_core.package_identification:_identify(.) by extension 'ignore_ament_install'
[0.293s] Level 1:colcon.colcon_core.package_identification:_identify(.) by extensions ['colcon_pkg']
[0.293s] Level 1:colcon.colcon_core.package_identification:_identify(.) by extension 'colcon_pkg'
[0.293s] Level 1:colcon.colcon_core.package_identification:_identify(.) by extensions ['colcon_meta']
[0.293s] Level 1:colcon.colcon_core.package_identification:_identify(.) by extension 'colcon_meta'
[0.293s] Level 1:colcon.colcon_core.package_identification:_identify(.) by extensions ['ros']
[0.293s] Level 1:colcon.colcon_core.package_identification:_identify(.) by extension 'ros'
[0.340s] Level 1:colcon.colcon_core.package_identification:_identify(.) by extensions ['cmake', 'python']
[0.340s] Level 1:colcon.colcon_core.package_identification:_identify(.) by extension 'cmake'
[0.340s] Level 1:colcon.colcon_core.package_identification:_identify(.) by extension 'python'
[0.340s] Level 1:colcon.colcon_core.package_identification:_identify(.) by extensions ['python_setup_py']
[0.340s] Level 1:colcon.colcon_core.package_identification:_identify(.) by extension 'python_setup_py'
[0.341s] Level 1:colcon.colcon_core.package_identification:_identify(build) by extensions ['ignore', 'ignore_ament_install']
[0.341s] Level 1:colcon.colcon_core.package_identification:_identify(build) by extension 'ignore'
[0.341s] Level 1:colcon.colcon_core.package_identification:_identify(build) ignored
[0.341s] Level 1:colcon.colcon_core.package_identification:_identify(cache) by extensions ['ignore', 'ignore_ament_install']
[0.341s] Level 1:colcon.colcon_core.package_identification:_identify(cache) by extension 'ignore'
[0.341s] Level 1:colcon.colcon_core.package_identification:_identify(cache) by extension 'ignore_ament_install'
[0.341s] Level 1:colcon.colcon_core.package_identification:_identify(cache) by extensions ['colcon_pkg']
[0.341s] Level 1:colcon.colcon_core.package_identification:_identify(cache) by extension 'colcon_pkg'
[0.341s] Level 1:colcon.colcon_core.package_identification:_identify(cache) by extensions ['colcon_meta']
[0.341s] Level 1:colcon.colcon_core.package_identification:_identify(cache) by extension 'colcon_meta'
[0.341s] Level 1:colcon.colcon_core.package_identification:_identify(cache) by extensions ['ros']
[0.341s] Level 1:colcon.colcon_core.package_identification:_identify(cache) by extension 'ros'
[0.341s] Level 1:colcon.colcon_core.package_identification:_identify(cache) by extensions ['cmake', 'python']
[0.341s] Level 1:colcon.colcon_core.package_identification:_identify(cache) by extension 'cmake'
[0.341s] Level 1:colcon.colcon_core.package_identification:_identify(cache) by extension 'python'
[0.341s] Level 1:colcon.colcon_core.package_identification:_identify(cache) by extensions ['python_setup_py']
[0.341s] Level 1:colcon.colcon_core.package_identification:_identify(cache) by extension 'python_setup_py'
[0.341s] Level 1:colcon.colcon_core.package_identification:_identify(install) by extensions ['ignore', 'ignore_ament_install']
[0.342s] Level 1:colcon.colcon_core.package_identification:_identify(install) by extension 'ignore'
[0.342s] Level 1:colcon.colcon_core.package_identification:_identify(install) ignored
[0.342s] Level 1:colcon.colcon_core.package_identification:_identify(log) by extensions ['ignore', 'ignore_ament_install']
[0.342s] Level 1:colcon.colcon_core.package_identification:_identify(log) by extension 'ignore'
[0.342s] Level 1:colcon.colcon_core.package_identification:_identify(log) ignored
[0.342s] Level 1:colcon.colcon_core.package_identification:_identify(src) by extensions ['ignore', 'ignore_ament_install']
[0.342s] Level 1:colcon.colcon_core.package_identification:_identify(src) by extension 'ignore'
[0.342s] Level 1:colcon.colcon_core.package_identification:_identify(src) by extension 'ignore_ament_install'
[0.342s] Level 1:colcon.colcon_core.package_identification:_identify(src) by extensions ['colcon_pkg']
[0.342s] Level 1:colcon.colcon_core.package_identification:_identify(src) by extension 'colcon_pkg'
[0.342s] Level 1:colcon.colcon_core.package_identification:_identify(src) by extensions ['colcon_meta']
[0.342s] Level 1:colcon.colcon_core.package_identification:_identify(src) by extension 'colcon_meta'
[0.342s] Level 1:colcon.colcon_core.package_identification:_identify(src) by extensions ['ros']
[0.342s] Level 1:colcon.colcon_core.package_identification:_identify(src) by extension 'ros'
[0.342s] Level 1:colcon.colcon_core.package_identification:_identify(src) by extensions ['cmake', 'python']
[0.342s] Level 1:colcon.colcon_core.package_identification:_identify(src) by extension 'cmake'
[0.342s] Level 1:colcon.colcon_core.package_identification:_identify(src) by extension 'python'
[0.342s] Level 1:colcon.colcon_core.package_identification:_identify(src) by extensions ['python_setup_py']
[0.343s] Level 1:colcon.colcon_core.package_identification:_identify(src) by extension 'python_setup_py'
[0.343s] Level 1:colcon.colcon_core.package_identification:_identify(src/flie) by extensions ['ignore', 'ignore_ament_install']
[0.343s] Level 1:colcon.colcon_core.package_identification:_identify(src/flie) by extension 'ignore'
[0.343s] Level 1:colcon.colcon_core.package_identification:_identify(src/flie) by extension 'ignore_ament_install'
[0.343s] Level 1:colcon.colcon_core.package_identification:_identify(src/flie) by extensions ['colcon_pkg']
[0.343s] Level 1:colcon.colcon_core.package_identification:_identify(src/flie) by extension 'colcon_pkg'
[0.343s] Level 1:colcon.colcon_core.package_identification:_identify(src/flie) by extensions ['colcon_meta']
[0.343s] Level 1:colcon.colcon_core.package_identification:_identify(src/flie) by extension 'colcon_meta'
[0.343s] Level 1:colcon.colcon_core.package_identification:_identify(src/flie) by extensions ['ros']
[0.343s] Level 1:colcon.colcon_core.package_identification:_identify(src/flie) by extension 'ros'
[0.345s] DEBUG:colcon.colcon_core.package_identification:Package 'src/flie' with type 'ros.ament_python' and name 'flie'
[0.345s] Level 1:colcon.colcon_core.package_identification:_identify(src/vision) by extensions ['ignore', 'ignore_ament_install']
[0.345s] Level 1:colcon.colcon_core.package_identification:_identify(src/vision) by extension 'ignore'
[0.345s] Level 1:colcon.colcon_core.package_identification:_identify(src/vision) by extension 'ignore_ament_install'
[0.345s] Level 1:colcon.colcon_core.package_identification:_identify(src/vision) by extensions ['colcon_pkg']
[0.345s] Level 1:colcon.colcon_core.package_identification:_identify(src/vision) by extension 'colcon_pkg'
[0.345s] Level 1:colcon.colcon_core.package_identification:_identify(src/vision) by extensions ['colcon_meta']
[0.345s] Level 1:colcon.colcon_core.package_identification:_identify(src/vision) by extension 'colcon_meta'
[0.345s] Level 1:colcon.colcon_core.package_identification:_identify(src/vision) by extensions ['ros']
[0.346s] Level 1:colcon.colcon_core.package_identification:_identify(src/vision) by extension 'ros'
[0.346s] DEBUG:colcon.colcon_core.package_identification:Package 'src/vision' with type 'ros.ament_python' and name 'vision'
[0.346s] Level 1:colcon.colcon_core.package_identification:_identify(src/voice) by extensions ['ignore', 'ignore_ament_install']
[0.346s] Level 1:colcon.colcon_core.package_identification:_identify(src/voice) by extension 'ignore'
[0.346s] Level 1:colcon.colcon_core.package_identification:_identify(src/voice) by extension 'ignore_ament_install'
[0.346s] Level 1:colcon.colcon_core.package_identification:_identify(src/voice) by extensions ['colcon_pkg']
[0.346s] Level 1:colcon.colcon_core.package_identification:_identify(src/voice) by extension 'colcon_pkg'
[0.346s] Level 1:colcon.colcon_core.package_identification:_identify(src/voice) by extensions ['colcon_meta']
[0.346s] Level 1:colcon.colcon_core.package_identification:_identify(src/voice) by extension 'colcon_meta'
[0.346s] Level 1:colcon.colcon_core.package_identification:_identify(src/voice) by extensions ['ros']
[0.346s] Level 1:colcon.colcon_core.package_identification:_identify(src/voice) by extension 'ros'
[0.347s] DEBUG:colcon.colcon_core.package_identification:Package 'src/voice' with type 'ros.ament_python' and name 'voice'
[0.347s] Level 1:colcon.colcon_core.package_identification:_identify(weights) by extensions ['ignore', 'ignore_ament_install']
[0.347s] Level 1:colcon.colcon_core.package_identification:_identify(weights) by extension 'ignore'
[0.347s] Level 1:colcon.colcon_core.package_identification:_identify(weights) by extension 'ignore_ament_install'
[0.347s] Level 1:colcon.colcon_core.package_identification:_identify(weights) by extensions ['colcon_pkg']
[0.347s] Level 1:colcon.colcon_core.package_identification:_identify(weights) by extension 'colcon_pkg'
[0.347s] Level 1:colcon.colcon_core.package_identification:_identify(weights) by extensions ['colcon_meta']
[0.347s] Level 1:colcon.colcon_core.package_identification:_identify(weights) by extension 'colcon_meta'
[0.347s] Level 1:colcon.colcon_core.package_identification:_identify(weights) by extensions ['ros']
[0.347s] Level 1:colcon.colcon_core.package_identification:_identify(weights) by extension 'ros'
[0.347s] Level 1:colcon.colcon_core.package_identification:_identify(weights) by extensions ['cmake', 'python']
[0.347s] Level 1:colcon.colcon_core.package_identification:_identify(weights) by extension 'cmake'
[0.348s] Level 1:colcon.colcon_core.package_identification:_identify(weights) by extension 'python'
[0.348s] Level 1:colcon.colcon_core.package_identification:_identify(weights) by extensions ['python_setup_py']
[0.348s] Level 1:colcon.colcon_core.package_identification:_identify(weights) by extension 'python_setup_py'
[0.348s] Level 1:colcon.colcon_core.package_identification:_identify(weights/Landing_Train) by extensions ['ignore', 'ignore_ament_install']
[0.348s] Level 1:colcon.colcon_core.package_identification:_identify(weights/Landing_Train) by extension 'ignore'
[0.348s] Level 1:colcon.colcon_core.package_identification:_identify(weights/Landing_Train) by extension 'ignore_ament_install'
[0.348s] Level 1:colcon.colcon_core.package_identification:_identify(weights/Landing_Train) by extensions ['colcon_pkg']
[0.348s] Level 1:colcon.colcon_core.package_identification:_identify(weights/Landing_Train) by extension 'colcon_pkg'
[0.348s] Level 1:colcon.colcon_core.package_identification:_identify(weights/Landing_Train) by extensions ['colcon_meta']
[0.348s] Level 1:colcon.colcon_core.package_identification:_identify(weights/Landing_Train) by extension 'colcon_meta'
[0.348s] Level 1:colcon.colcon_core.package_identification:_identify(weights/Landing_Train) by extensions ['ros']
[0.348s] Level 1:colcon.colcon_core.package_identification:_identify(weights/Landing_Train) by extension 'ros'
[0.348s] Level 1:colcon.colcon_core.package_identification:_identify(weights/Landing_Train) by extensions ['cmake', 'python']
[0.348s] Level 1:colcon.colcon_core.package_identification:_identify(weights/Landing_Train) by extension 'cmake'
[0.348s] Level 1:colcon.colcon_core.package_identification:_identify(weights/Landing_Train) by extension 'python'
[0.348s] Level 1:colcon.colcon_core.package_identification:_identify(weights/Landing_Train) by extensions ['python_setup_py']
[0.348s] Level 1:colcon.colcon_core.package_identification:_identify(weights/Landing_Train) by extension 'python_setup_py'
[0.348s] Level 1:colcon.colcon_core.package_identification:_identify(weights/crazy_Train) by extensions ['ignore', 'ignore_ament_install']
[0.348s] Level 1:colcon.colcon_core.package_identification:_identify(weights/crazy_Train) by extension 'ignore'
[0.348s] Level 1:colcon.colcon_core.package_identification:_identify(weights/crazy_Train) by extension 'ignore_ament_install'
[0.348s] Level 1:colcon.colcon_core.package_identification:_identify(weights/crazy_Train) by extensions ['colcon_pkg']
[0.348s] Level 1:colcon.colcon_core.package_identification:_identify(weights/crazy_Train) by extension 'colcon_pkg'
[0.349s] Level 1:colcon.colcon_core.package_identification:_identify(weights/crazy_Train) by extensions ['colcon_meta']
[0.349s] Level 1:colcon.colcon_core.package_identification:_identify(weights/crazy_Train) by extension 'colcon_meta'
[0.349s] Level 1:colcon.colcon_core.package_identification:_identify(weights/crazy_Train) by extensions ['ros']
[0.349s] Level 1:colcon.colcon_core.package_identification:_identify(weights/crazy_Train) by extension 'ros'
[0.349s] Level 1:colcon.colcon_core.package_identification:_identify(weights/crazy_Train) by extensions ['cmake', 'python']
[0.349s] Level 1:colcon.colcon_core.package_identification:_identify(weights/crazy_Train) by extension 'cmake'
[0.349s] Level 1:colcon.colcon_core.package_identification:_identify(weights/crazy_Train) by extension 'python'
[0.349s] Level 1:colcon.colcon_core.package_identification:_identify(weights/crazy_Train) by extensions ['python_setup_py']
[0.349s] Level 1:colcon.colcon_core.package_identification:_identify(weights/crazy_Train) by extension 'python_setup_py'
[0.349s] Level 1:colcon.colcon_core.package_identification:_identify(weights/red_Train) by extensions ['ignore', 'ignore_ament_install']
[0.349s] Level 1:colcon.colcon_core.package_identification:_identify(weights/red_Train) by extension 'ignore'
[0.349s] Level 1:colcon.colcon_core.package_identification:_identify(weights/red_Train) by extension 'ignore_ament_install'
[0.349s] Level 1:colcon.colcon_core.package_identification:_identify(weights/red_Train) by extensions ['colcon_pkg']
[0.349s] Level 1:colcon.colcon_core.package_identification:_identify(weights/red_Train) by extension 'colcon_pkg'
[0.349s] Level 1:colcon.colcon_core.package_identification:_identify(weights/red_Train) by extensions ['colcon_meta']
[0.349s] Level 1:colcon.colcon_core.package_identification:_identify(weights/red_Train) by extension 'colcon_meta'
[0.349s] Level 1:colcon.colcon_core.package_identification:_identify(weights/red_Train) by extensions ['ros']
[0.349s] Level 1:colcon.colcon_core.package_identification:_identify(weights/red_Train) by extension 'ros'
[0.349s] Level 1:colcon.colcon_core.package_identification:_identify(weights/red_Train) by extensions ['cmake', 'python']
[0.349s] Level 1:colcon.colcon_core.package_identification:_identify(weights/red_Train) by extension 'cmake'
[0.349s] Level 1:colcon.colcon_core.package_identification:_identify(weights/red_Train) by extension 'python'
[0.349s] Level 1:colcon.colcon_core.package_identification:_identify(weights/red_Train) by extensions ['python_setup_py']
[0.349s] Level 1:colcon.colcon_core.package_identification:_identify(weights/red_Train) by extension 'python_setup_py'
[0.349s] Level 1:colcon.colcon_core.package_discovery:discover_packages(recursive) using defaults
[0.350s] Level 1:colcon.colcon_core.package_discovery:discover_packages(ignore) discover
[0.350s] Level 1:colcon.colcon_core.package_discovery:discover_packages(ignore) using defaults
[0.350s] Level 1:colcon.colcon_core.package_discovery:discover_packages(path) discover
[0.350s] Level 1:colcon.colcon_core.package_discovery:discover_packages(path) using defaults
[0.368s] Level 1:colcon.colcon_core.package_discovery:discover_packages(prefix_path) check parameters
[0.368s] Level 1:colcon.colcon_core.package_discovery:discover_packages(prefix_path) discover
[0.369s] DEBUG:colcon.colcon_installed_package_information.package_discovery:Found 3 installed packages in /home/yehosua/Zayolin-kuekuechti/ros2_ws/install
[0.370s] DEBUG:colcon.colcon_installed_package_information.package_discovery:Found 276 installed packages in /opt/ros/humble
[0.372s] Level 1:colcon.colcon_core.package_discovery:discover_packages(prefix_path) using defaults
[0.406s] Level 5:colcon.colcon_core.verb:set package 'flie' build argument 'cmake_args' from command line to 'None'
[0.407s] Level 5:colcon.colcon_core.verb:set package 'flie' build argument 'cmake_target' from command line to 'None'
[0.407s] Level 5:colcon.colcon_core.verb:set package 'flie' build argument 'cmake_target_skip_unavailable' from command line to 'False'
[0.407s] Level 5:colcon.colcon_core.verb:set package 'flie' build argument 'cmake_clean_cache' from command line to 'False'
[0.407s] Level 5:colcon.colcon_core.verb:set package 'flie' build argument 'cmake_clean_first' from command line to 'False'
[0.407s] Level 5:colcon.colcon_core.verb:set package 'flie' build argument 'cmake_force_configure' from command line to 'False'
[0.407s] Level 5:colcon.colcon_core.verb:set package 'flie' build argument 'ament_cmake_args' from command line to 'None'
[0.407s] Level 5:colcon.colcon_core.verb:set package 'flie' build argument 'catkin_cmake_args' from command line to 'None'
[0.407s] Level 5:colcon.colcon_core.verb:set package 'flie' build argument 'catkin_skip_building_tests' from command line to 'False'
[0.407s] DEBUG:colcon.colcon_core.verb:Building package 'flie' with the following arguments: {'ament_cmake_args': None, 'build_base': '/home/yehosua/Zayolin-kuekuechti/ros2_ws/build/flie', 'catkin_cmake_args': None, 'catkin_skip_building_tests': False, 'cmake_args': None, 'cmake_clean_cache': False, 'cmake_clean_first': False, 'cmake_force_configure': False, 'cmake_target': None, 'cmake_target_skip_unavailable': False, 'install_base': '/home/yehosua/Zayolin-kuekuechti/ros2_ws/install/flie', 'merge_install': False, 'path': '/home/yehosua/Zayolin-kuekuechti/ros2_ws/src/flie', 'symlink_install': True, 'test_result_base': None}
[0.407s] Level 5:colcon.colcon_core.verb:set package 'vision' build argument 'cmake_args' from command line to 'None'
[0.407s] Level 5:colcon.colcon_core.verb:set package 'vision' build argument 'cmake_target' from command line to 'None'
[0.407s] Level 5:colcon.colcon_core.verb:set package 'vision' build argument 'cmake_target_skip_unavailable' from command line to 'False'
[0.407s] Level 5:colcon.colcon_core.verb:set package 'vision' build argument 'cmake_clean_cache' from command line to 'False'
[0.407s] Level 5:colcon.colcon_core.verb:set package 'vision' build argument 'cmake_clean_first' from command line to 'False'
[0.407s] Level 5:colcon.colcon_core.verb:set package 'vision' build argument 'cmake_force_configure' from command line to 'False'
[0.407s] Level 5:colcon.colcon_core.verb:set package 'vision' build argument 'ament_cmake_args' from command line to 'None'
[0.407s] Level 5:colcon.colcon_core.verb:set package 'vision' build argument 'catkin_cmake_args' from command line to 'None'
[0.407s] Level 5:colcon.colcon_core.verb:set package 'vision' build argument 'catkin_skip_building_tests' from command line to 'False'
[0.407s] DEBUG:colcon.colcon_core.verb:Building package 'vision' with the following arguments: {'ament_cmake_args': None, 'build_base': '/home/yehosua/Zayolin-kuekuechti/ros2_ws/build/vision', 'catkin_cmake_args': None, 'catkin_skip_building_tests': False, 'cmake_args': None, 'cmake_clean_cache': False, 'cmake_clean_first': False, 'cmake_force_configure': False, 'cmake_target': None, 'cmake_target_skip_unavailable': False, 'install_base': '/home/yehosua/Zayolin-kuekuechti/ros2_ws/install/vision', 'merge_install': False, 'path': '/home/yehosua/Zayolin-kuekuechti/ros2_ws/src/vision', 'symlink_install': True, 'test_result_base': None}
[0.408s] Level 5:colcon.colcon_core.verb:set package 'voice' build argument 'cmake_args' from command line to 'None'
[0.408s] Level 5:colcon.colcon_core.verb:set package 'voice' build argument 'cmake_target' from command line to 'None'
[0.408s] Level 5:colcon.colcon_core.verb:set package 'voice' build argument 'cmake_target_skip_unavailable' from command line to 'False'
[0.408s] Level 5:colcon.colcon_core.verb:set package 'voice' build argument 'cmake_clean_cache' from command line to 'False'
[0.408s] Level 5:colcon.colcon_core.verb:set package 'voice' build argument 'cmake_clean_first' from command line to 'False'
[0.408s] Level 5:colcon.colcon_core.verb:set package 'voice' build argument 'cmake_force_configure' from command line to 'False'
[0.408s] Level 5:colcon.colcon_core.verb:set package 'voice' build argument 'ament_cmake_args' from command line to 'None'
[0.408s] Level 5:colcon.colcon_core.verb:set package 'voice' build argument 'catkin_cmake_args' from command line to 'None'
[0.408s] Level 5:colcon.colcon_core.verb:set package 'voice' build argument 'catkin_skip_building_tests' from command line to 'False'
[0.408s] DEBUG:colcon.colcon_core.verb:Building package 'voice' with the following arguments: {'ament_cmake_args': None, 'build_base': '/home/yehosua/Zayolin-kuekuechti/ros2_ws/build/voice', 'catkin_cmake_args': None, 'catkin_skip_building_tests': False, 'cmake_args': None, 'cmake_clean_cache': False, 'cmake_clean_first': False, 'cmake_force_configure': False, 'cmake_target': None, 'cmake_target_skip_unavailable': False, 'install_base': '/home/yehosua/Zayolin-kuekuechti/ros2_ws/install/voice', 'merge_install': False, 'path': '/home/yehosua/Zayolin-kuekuechti/ros2_ws/src/voice', 'symlink_install': True, 'test_result_base': None}
[0.408s] INFO:colcon.colcon_core.executor:Executing jobs using 'parallel' executor
[0.410s] DEBUG:colcon.colcon_parallel_executor.executor.parallel:run_until_complete
[0.410s] INFO:colcon.colcon_ros.task.ament_python.build:Building ROS package in '/home/yehosua/Zayolin-kuekuechti/ros2_ws/src/flie' with build type 'ament_python'
[0.411s] Level 1:colcon.colcon_core.shell:create_environment_hook('flie', 'ament_prefix_path')
[0.412s] INFO:colcon.colcon_core.plugin_system:Skipping extension 'colcon_core.shell.bat': Not used on non-Windows systems
[0.412s] INFO:colcon.colcon_core.shell:Creating environment hook '/home/yehosua/Zayolin-kuekuechti/ros2_ws/install/flie/share/flie/hook/ament_prefix_path.ps1'
[0.413s] INFO:colcon.colcon_core.shell:Creating environment descriptor '/home/yehosua/Zayolin-kuekuechti/ros2_ws/install/flie/share/flie/hook/ament_prefix_path.dsv'
[0.414s] INFO:colcon.colcon_core.shell:Creating environment hook '/home/yehosua/Zayolin-kuekuechti/ros2_ws/install/flie/share/flie/hook/ament_prefix_path.sh'
[0.414s] INFO:colcon.colcon_core.shell:Skip shell extension 'powershell' for command environment: Not usable outside of PowerShell
[0.415s] DEBUG:colcon.colcon_core.shell:Skip shell extension 'dsv' for command environment
[0.418s] INFO:colcon.colcon_ros.task.ament_python.build:Building ROS package in '/home/yehosua/Zayolin-kuekuechti/ros2_ws/src/vision' with build type 'ament_python'
[0.418s] Level 1:colcon.colcon_core.shell:create_environment_hook('vision', 'ament_prefix_path')
[0.418s] INFO:colcon.colcon_core.shell:Creating environment hook '/home/yehosua/Zayolin-kuekuechti/ros2_ws/install/vision/share/vision/hook/ament_prefix_path.ps1'
[0.419s] INFO:colcon.colcon_core.shell:Creating environment descriptor '/home/yehosua/Zayolin-kuekuechti/ros2_ws/install/vision/share/vision/hook/ament_prefix_path.dsv'
[0.419s] INFO:colcon.colcon_core.shell:Creating environment hook '/home/yehosua/Zayolin-kuekuechti/ros2_ws/install/vision/share/vision/hook/ament_prefix_path.sh'
[0.420s] INFO:colcon.colcon_core.shell:Skip shell extension 'powershell' for command environment: Not usable outside of PowerShell
[0.420s] DEBUG:colcon.colcon_core.shell:Skip shell extension 'dsv' for command environment
[0.423s] INFO:colcon.colcon_ros.task.ament_python.build:Building ROS package in '/home/yehosua/Zayolin-kuekuechti/ros2_ws/src/voice' with build type 'ament_python'
[0.423s] Level 1:colcon.colcon_core.shell:create_environment_hook('voice', 'ament_prefix_path')
[0.423s] INFO:colcon.colcon_core.shell:Creating environment hook '/home/yehosua/Zayolin-kuekuechti/ros2_ws/install/voice/share/voice/hook/ament_prefix_path.ps1'
[0.427s] INFO:colcon.colcon_core.shell:Creating environment descriptor '/home/yehosua/Zayolin-kuekuechti/ros2_ws/install/voice/share/voice/hook/ament_prefix_path.dsv'
[0.427s] INFO:colcon.colcon_core.shell:Creating environment hook '/home/yehosua/Zayolin-kuekuechti/ros2_ws/install/voice/share/voice/hook/ament_prefix_path.sh'
[0.428s] INFO:colcon.colcon_core.shell:Skip shell extension 'powershell' for command environment: Not usable outside of PowerShell
[0.428s] DEBUG:colcon.colcon_core.shell:Skip shell extension 'dsv' for command environment
[0.716s] INFO:colcon.colcon_core.task.python.build:Building Python package in '/home/yehosua/Zayolin-kuekuechti/ros2_ws/src/flie'
[0.717s] INFO:colcon.colcon_core.shell:Skip shell extension 'powershell' for command environment: Not usable outside of PowerShell
[0.717s] DEBUG:colcon.colcon_core.shell:Skip shell extension 'dsv' for command environment
[0.987s] INFO:colcon.colcon_core.task.python.build:Building Python package in '/home/yehosua/Zayolin-kuekuechti/ros2_ws/src/vision'
[0.987s] INFO:colcon.colcon_core.shell:Skip shell extension 'powershell' for command environment: Not usable outside of PowerShell
[0.987s] DEBUG:colcon.colcon_core.shell:Skip shell extension 'dsv' for command environment
[1.251s] INFO:colcon.colcon_core.task.python.build:Building Python package in '/home/yehosua/Zayolin-kuekuechti/ros2_ws/src/voice'
[1.251s] INFO:colcon.colcon_core.shell:Skip shell extension 'powershell' for command environment: Not usable outside of PowerShell
[1.251s] DEBUG:colcon.colcon_core.shell:Skip shell extension 'dsv' for command environment
[1.664s] DEBUG:colcon.colcon_core.event_handler.log_command:Invoking command in '/home/yehosua/Zayolin-kuekuechti/ros2_ws/build/flie': PYTHONPATH=/home/yehosua/Zayolin-kuekuechti/ros2_ws/build/flie/prefix_override:/usr/lib/python3/dist-packages/colcon_core/task/python/colcon_distutils_commands:/home/yehosua/Zayolin-kuekuechti/ros2_ws/install/flie/lib/python3.10/site-packages:${PYTHONPATH} /usr/bin/python3 -W ignore:setup.py install is deprecated -W ignore:easy_install command is deprecated setup.py develop --editable --build-directory /home/yehosua/Zayolin-kuekuechti/ros2_ws/build/flie/build --no-deps symlink_data
[1.787s] DEBUG:colcon.colcon_core.event_handler.log_command:Invoking command in '/home/yehosua/Zayolin-kuekuechti/ros2_ws/build/vision': PYTHONPATH=/home/yehosua/Zayolin-kuekuechti/ros2_ws/build/vision/prefix_override:/usr/lib/python3/dist-packages/colcon_core/task/python/colcon_distutils_commands:/home/yehosua/Zayolin-kuekuechti/ros2_ws/install/vision/lib/python3.10/site-packages:${PYTHONPATH} /usr/bin/python3 -W ignore:setup.py install is deprecated -W ignore:easy_install command is deprecated setup.py develop --editable --build-directory /home/yehosua/Zayolin-kuekuechti/ros2_ws/build/vision/build --no-deps symlink_data
[1.964s] DEBUG:colcon.colcon_core.event_handler.log_command:Invoking command in '/home/yehosua/Zayolin-kuekuechti/ros2_ws/build/voice': PYTHONPATH=/home/yehosua/Zayolin-kuekuechti/ros2_ws/build/voice/prefix_override:/usr/lib/python3/dist-packages/colcon_core/task/python/colcon_distutils_commands:/home/yehosua/Zayolin-kuekuechti/ros2_ws/install/voice/lib/python3.10/site-packages:${PYTHONPATH} /usr/bin/python3 -W ignore:setup.py install is deprecated -W ignore:easy_install command is deprecated setup.py develop --editable --build-directory /home/yehosua/Zayolin-kuekuechti/ros2_ws/build/voice/build --no-deps symlink_data
[2.210s] Level 1:colcon.colcon_core.shell:create_environment_hook('flie', 'pythonpath_develop')
[2.210s] INFO:colcon.colcon_core.shell:Creating environment hook '/home/yehosua/Zayolin-kuekuechti/ros2_ws/build/flie/share/flie/hook/pythonpath_develop.ps1'
[2.211s] INFO:colcon.colcon_core.shell:Creating environment descriptor '/home/yehosua/Zayolin-kuekuechti/ros2_ws/build/flie/share/flie/hook/pythonpath_develop.dsv'
[2.211s] INFO:colcon.colcon_core.shell:Creating environment hook '/home/yehosua/Zayolin-kuekuechti/ros2_ws/build/flie/share/flie/hook/pythonpath_develop.sh'
[2.212s] DEBUG:colcon.colcon_core.event_handler.log_command:Invoked command in '/home/yehosua/Zayolin-kuekuechti/ros2_ws/build/flie' returned '0': PYTHONPATH=/home/yehosua/Zayolin-kuekuechti/ros2_ws/build/flie/prefix_override:/usr/lib/python3/dist-packages/colcon_core/task/python/colcon_distutils_commands:/home/yehosua/Zayolin-kuekuechti/ros2_ws/install/flie/lib/python3.10/site-packages:${PYTHONPATH} /usr/bin/python3 -W ignore:setup.py install is deprecated -W ignore:easy_install command is deprecated setup.py develop --editable --build-directory /home/yehosua/Zayolin-kuekuechti/ros2_ws/build/flie/build --no-deps symlink_data
[2.214s] Level 1:colcon.colcon_core.environment:checking '/home/yehosua/Zayolin-kuekuechti/ros2_ws/install/flie' for CMake module files
[2.214s] Level 1:colcon.colcon_core.environment:checking '/home/yehosua/Zayolin-kuekuechti/ros2_ws/install/flie' for CMake config files
[2.214s] Level 1:colcon.colcon_core.environment:checking '/home/yehosua/Zayolin-kuekuechti/ros2_ws/install/flie/lib'
[2.215s] Level 1:colcon.colcon_core.environment:checking '/home/yehosua/Zayolin-kuekuechti/ros2_ws/install/flie/bin'
[2.215s] Level 1:colcon.colcon_core.environment:checking '/home/yehosua/Zayolin-kuekuechti/ros2_ws/install/flie/lib/pkgconfig/flie.pc'
[2.215s] Level 1:colcon.colcon_core.environment:checking '/home/yehosua/Zayolin-kuekuechti/ros2_ws/install/flie/lib/python3.10/site-packages'
[2.215s] Level 1:colcon.colcon_core.shell:create_environment_hook('flie', 'pythonpath')
[2.215s] INFO:colcon.colcon_core.shell:Creating environment hook '/home/yehosua/Zayolin-kuekuechti/ros2_ws/install/flie/share/flie/hook/pythonpath.ps1'
[2.216s] INFO:colcon.colcon_core.shell:Creating environment descriptor '/home/yehosua/Zayolin-kuekuechti/ros2_ws/install/flie/share/flie/hook/pythonpath.dsv'
[2.216s] INFO:colcon.colcon_core.shell:Creating environment hook '/home/yehosua/Zayolin-kuekuechti/ros2_ws/install/flie/share/flie/hook/pythonpath.sh'
[2.216s] Level 1:colcon.colcon_core.environment:checking '/home/yehosua/Zayolin-kuekuechti/ros2_ws/install/flie/bin'
[2.217s] Level 1:colcon.colcon_core.environment:create_environment_scripts_only(flie)
[2.217s] INFO:colcon.colcon_core.shell:Creating package script '/home/yehosua/Zayolin-kuekuechti/ros2_ws/install/flie/share/flie/package.ps1'
[2.218s] INFO:colcon.colcon_core.shell:Creating package descriptor '/home/yehosua/Zayolin-kuekuechti/ros2_ws/install/flie/share/flie/package.dsv'
[2.219s] INFO:colcon.colcon_core.shell:Creating package script '/home/yehosua/Zayolin-kuekuechti/ros2_ws/install/flie/share/flie/package.sh'
[2.219s] INFO:colcon.colcon_core.shell:Creating package script '/home/yehosua/Zayolin-kuekuechti/ros2_ws/install/flie/share/flie/package.bash'
[2.220s] INFO:colcon.colcon_core.shell:Creating package script '/home/yehosua/Zayolin-kuekuechti/ros2_ws/install/flie/share/flie/package.zsh'
[2.220s] Level 1:colcon.colcon_core.environment:create_file_with_runtime_dependencies(/home/yehosua/Zayolin-kuekuechti/ros2_ws/install/flie/share/colcon-core/packages/flie)
[2.438s] Level 1:colcon.colcon_core.shell:create_environment_hook('vision', 'pythonpath_develop')
[2.438s] INFO:colcon.colcon_core.shell:Creating environment hook '/home/yehosua/Zayolin-kuekuechti/ros2_ws/build/vision/share/vision/hook/pythonpath_develop.ps1'
[2.438s] INFO:colcon.colcon_core.shell:Creating environment descriptor '/home/yehosua/Zayolin-kuekuechti/ros2_ws/build/vision/share/vision/hook/pythonpath_develop.dsv'
[2.439s] DEBUG:colcon.colcon_core.event_handler.log_command:Invoked command in '/home/yehosua/Zayolin-kuekuechti/ros2_ws/build/vision' returned '0': PYTHONPATH=/home/yehosua/Zayolin-kuekuechti/ros2_ws/build/vision/prefix_override:/usr/lib/python3/dist-packages/colcon_core/task/python/colcon_distutils_commands:/home/yehosua/Zayolin-kuekuechti/ros2_ws/install/vision/lib/python3.10/site-packages:${PYTHONPATH} /usr/bin/python3 -W ignore:setup.py install is deprecated -W ignore:easy_install command is deprecated setup.py develop --editable --build-directory /home/yehosua/Zayolin-kuekuechti/ros2_ws/build/vision/build --no-deps symlink_data
[2.439s] INFO:colcon.colcon_core.shell:Creating environment hook '/home/yehosua/Zayolin-kuekuechti/ros2_ws/build/vision/share/vision/hook/pythonpath_develop.sh'
[2.440s] Level 1:colcon.colcon_core.environment:checking '/home/yehosua/Zayolin-kuekuechti/ros2_ws/install/vision' for CMake module files
[2.440s] Level 1:colcon.colcon_core.environment:checking '/home/yehosua/Zayolin-kuekuechti/ros2_ws/install/vision' for CMake config files
[2.440s] Level 1:colcon.colcon_core.environment:checking '/home/yehosua/Zayolin-kuekuechti/ros2_ws/install/vision/lib'
[2.440s] Level 1:colcon.colcon_core.environment:checking '/home/yehosua/Zayolin-kuekuechti/ros2_ws/install/vision/bin'
[2.441s] Level 1:colcon.colcon_core.environment:checking '/home/yehosua/Zayolin-kuekuechti/ros2_ws/install/vision/lib/pkgconfig/vision.pc'
[2.441s] Level 1:colcon.colcon_core.environment:checking '/home/yehosua/Zayolin-kuekuechti/ros2_ws/install/vision/lib/python3.10/site-packages'
[2.441s] Level 1:colcon.colcon_core.shell:create_environment_hook('vision', 'pythonpath')
[2.441s] INFO:colcon.colcon_core.shell:Creating environment hook '/home/yehosua/Zayolin-kuekuechti/ros2_ws/install/vision/share/vision/hook/pythonpath.ps1'
[2.441s] INFO:colcon.colcon_core.shell:Creating environment descriptor '/home/yehosua/Zayolin-kuekuechti/ros2_ws/install/vision/share/vision/hook/pythonpath.dsv'
[2.442s] INFO:colcon.colcon_core.shell:Creating environment hook '/home/yehosua/Zayolin-kuekuechti/ros2_ws/install/vision/share/vision/hook/pythonpath.sh'
[2.442s] Level 1:colcon.colcon_core.environment:checking '/home/yehosua/Zayolin-kuekuechti/ros2_ws/install/vision/bin'
[2.442s] Level 1:colcon.colcon_core.environment:create_environment_scripts_only(vision)
[2.443s] INFO:colcon.colcon_core.shell:Creating package script '/home/yehosua/Zayolin-kuekuechti/ros2_ws/install/vision/share/vision/package.ps1'
[2.444s] INFO:colcon.colcon_core.shell:Creating package descriptor '/home/yehosua/Zayolin-kuekuechti/ros2_ws/install/vision/share/vision/package.dsv'
[2.444s] INFO:colcon.colcon_core.shell:Creating package script '/home/yehosua/Zayolin-kuekuechti/ros2_ws/install/vision/share/vision/package.sh'
[2.445s] INFO:colcon.colcon_core.shell:Creating package script '/home/yehosua/Zayolin-kuekuechti/ros2_ws/install/vision/share/vision/package.bash'
[2.445s] INFO:colcon.colcon_core.shell:Creating package script '/home/yehosua/Zayolin-kuekuechti/ros2_ws/install/vision/share/vision/package.zsh'
[2.445s] Level 1:colcon.colcon_core.environment:create_file_with_runtime_dependencies(/home/yehosua/Zayolin-kuekuechti/ros2_ws/install/vision/share/colcon-core/packages/vision)
[2.553s] Level 1:colcon.colcon_core.shell:create_environment_hook('voice', 'pythonpath_develop')
[2.553s] INFO:colcon.colcon_core.shell:Creating environment hook '/home/yehosua/Zayolin-kuekuechti/ros2_ws/build/voice/share/voice/hook/pythonpath_develop.ps1'
[2.554s] INFO:colcon.colcon_core.shell:Creating environment descriptor '/home/yehosua/Zayolin-kuekuechti/ros2_ws/build/voice/share/voice/hook/pythonpath_develop.dsv'
[2.555s] DEBUG:colcon.colcon_core.event_handler.log_command:Invoked command in '/home/yehosua/Zayolin-kuekuechti/ros2_ws/build/voice' returned '0': PYTHONPATH=/home/yehosua/Zayolin-kuekuechti/ros2_ws/build/voice/prefix_override:/usr/lib/python3/dist-packages/colcon_core/task/python/colcon_distutils_commands:/home/yehosua/Zayolin-kuekuechti/ros2_ws/install/voice/lib/python3.10/site-packages:${PYTHONPATH} /usr/bin/python3 -W ignore:setup.py install is deprecated -W ignore:easy_install command is deprecated setup.py develop --editable --build-directory /home/yehosua/Zayolin-kuekuechti/ros2_ws/build/voice/build --no-deps symlink_data
[2.555s] INFO:colcon.colcon_core.shell:Creating environment hook '/home/yehosua/Zayolin-kuekuechti/ros2_ws/build/voice/share/voice/hook/pythonpath_develop.sh'
[2.557s] Level 1:colcon.colcon_core.environment:checking '/home/yehosua/Zayolin-kuekuechti/ros2_ws/install/voice' for CMake module files
[2.558s] Level 1:colcon.colcon_core.environment:checking '/home/yehosua/Zayolin-kuekuechti/ros2_ws/install/voice' for CMake config files
[2.558s] Level 1:colcon.colcon_core.environment:checking '/home/yehosua/Zayolin-kuekuechti/ros2_ws/install/voice/lib'
[2.558s] Level 1:colcon.colcon_core.environment:checking '/home/yehosua/Zayolin-kuekuechti/ros2_ws/install/voice/bin'
[2.558s] Level 1:colcon.colcon_core.environment:checking '/home/yehosua/Zayolin-kuekuechti/ros2_ws/install/voice/lib/pkgconfig/voice.pc'
[2.558s] Level 1:colcon.colcon_core.environment:checking '/home/yehosua/Zayolin-kuekuechti/ros2_ws/install/voice/lib/python3.10/site-packages'
[2.558s] Level 1:colcon.colcon_core.shell:create_environment_hook('voice', 'pythonpath')
[2.559s] INFO:colcon.colcon_core.shell:Creating environment hook '/home/yehosua/Zayolin-kuekuechti/ros2_ws/install/voice/share/voice/hook/pythonpath.ps1'
[2.559s] INFO:colcon.colcon_core.shell:Creating environment descriptor '/home/yehosua/Zayolin-kuekuechti/ros2_ws/install/voice/share/voice/hook/pythonpath.dsv'
[2.561s] INFO:colcon.colcon_core.shell:Creating environment hook '/home/yehosua/Zayolin-kuekuechti/ros2_ws/install/voice/share/voice/hook/pythonpath.sh'
[2.562s] Level 1:colcon.colcon_core.environment:checking '/home/yehosua/Zayolin-kuekuechti/ros2_ws/install/voice/bin'
[2.562s] Level 1:colcon.colcon_core.environment:create_environment_scripts_only(voice)
[2.562s] INFO:colcon.colcon_core.shell:Creating package script '/home/yehosua/Zayolin-kuekuechti/ros2_ws/install/voice/share/voice/package.ps1'
[2.563s] INFO:colcon.colcon_core.shell:Creating package descriptor '/home/yehosua/Zayolin-kuekuechti/ros2_ws/install/voice/share/voice/package.dsv'
[2.563s] INFO:colcon.colcon_core.shell:Creating package script '/home/yehosua/Zayolin-kuekuechti/ros2_ws/install/voice/share/voice/package.sh'
[2.563s] INFO:colcon.colcon_core.shell:Creating package script '/home/yehosua/Zayolin-kuekuechti/ros2_ws/install/voice/share/voice/package.bash'
[2.564s] INFO:colcon.colcon_core.shell:Creating package script '/home/yehosua/Zayolin-kuekuechti/ros2_ws/install/voice/share/voice/package.zsh'
[2.564s] Level 1:colcon.colcon_core.environment:create_file_with_runtime_dependencies(/home/yehosua/Zayolin-kuekuechti/ros2_ws/install/voice/share/colcon-core/packages/voice)
[2.565s] DEBUG:colcon.colcon_parallel_executor.executor.parallel:closing loop
[2.565s] DEBUG:colcon.colcon_parallel_executor.executor.parallel:loop closed
[2.565s] DEBUG:colcon.colcon_parallel_executor.executor.parallel:run_until_complete finished with '0'
[2.565s] DEBUG:colcon.colcon_core.event_reactor:joining thread
[2.571s] INFO:colcon.colcon_core.plugin_system:Skipping extension 'colcon_notification.desktop_notification.terminal_notifier': Not used on non-Darwin systems
[2.571s] INFO:colcon.colcon_core.plugin_system:Skipping extension 'colcon_notification.desktop_notification.win32': Not used on non-Windows systems
[2.571s] INFO:colcon.colcon_notification.desktop_notification:Sending desktop notification using 'notify2'
[2.591s] DEBUG:colcon.colcon_core.event_reactor:joined thread
[2.591s] INFO:colcon.colcon_core.shell:Creating prefix script '/home/yehosua/Zayolin-kuekuechti/ros2_ws/install/local_setup.ps1'
[2.592s] INFO:colcon.colcon_core.shell:Creating prefix util module '/home/yehosua/Zayolin-kuekuechti/ros2_ws/install/_local_setup_util_ps1.py'
[2.593s] INFO:colcon.colcon_core.shell:Creating prefix chain script '/home/yehosua/Zayolin-kuekuechti/ros2_ws/install/setup.ps1'
[2.594s] INFO:colcon.colcon_core.shell:Creating prefix script '/home/yehosua/Zayolin-kuekuechti/ros2_ws/install/local_setup.sh'
[2.595s] INFO:colcon.colcon_core.shell:Creating prefix util module '/home/yehosua/Zayolin-kuekuechti/ros2_ws/install/_local_setup_util_sh.py'
[2.596s] INFO:colcon.colcon_core.shell:Creating prefix chain script '/home/yehosua/Zayolin-kuekuechti/ros2_ws/install/setup.sh'
[2.599s] INFO:colcon.colcon_core.shell:Creating prefix script '/home/yehosua/Zayolin-kuekuechti/ros2_ws/install/local_setup.bash'
[2.599s] INFO:colcon.colcon_core.shell:Creating prefix chain script '/home/yehosua/Zayolin-kuekuechti/ros2_ws/install/setup.bash'
[2.600s] INFO:colcon.colcon_core.shell:Creating prefix script '/home/yehosua/Zayolin-kuekuechti/ros2_ws/install/local_setup.zsh'
[2.600s] INFO:colcon.colcon_core.shell:Creating prefix chain script '/home/yehosua/Zayolin-kuekuechti/ros2_ws/install/setup.zsh'
